CREATE EXTENSION pg_stat_monitor;
SELECT pg_stat_monitor_reset();
 pg_stat_monitor_reset 
-----------------------
 
(1 row)

SELECT * from pg_stat_monitor_settings where name = 'pg_stat_monitor.pgsm_extract_comments';
                 name                  | value | default_value |                   description                    | minimum | maximum | options | restart 
---------------------------------------+-------+---------------+--------------------------------------------------+---------+---------+---------+---------
 pg_stat_monitor.pgsm_extract_comments | yes   | no            | Enable/Disable extracting comments from queries. |         |         | yes, no | no
(1 row)

SELECT 1 AS num /* First comment */, 'John' as Name /* Second comment*/;
 num | name 
-----+------
   1 | John
(1 row)

SELECT query, comments FROM pg_stat_monitor ORDER BY query COLLATE "C";
                                            query                                            |                 comments                 
---------------------------------------------------------------------------------------------+------------------------------------------
 SELECT * from pg_stat_monitor_settings where name = 'pg_stat_monitor.pgsm_extract_comments' | 
 SELECT 1 AS num /* First comment */, 'John' as Name /* Second comment*/                     | /* First comment */, /* Second comment*/
 SELECT pg_stat_monitor_reset()                                                              | 
 SELECT query, comments FROM pg_stat_monitor ORDER BY query COLLATE "C"                      | 
(4 rows)

SELECT pg_stat_monitor_reset();
 pg_stat_monitor_reset 
-----------------------
 
(1 row)

SELECT * from pg_stat_monitor_settings where name = 'pg_stat_monitor.pgsm_extract_comments';
                 name                  | value | default_value |                   description                    | minimum | maximum | options | restart 
---------------------------------------+-------+---------------+--------------------------------------------------+---------+---------+---------+---------
 pg_stat_monitor.pgsm_extract_comments | no    | no            | Enable/Disable extracting comments from queries. |         |         | yes, no | no
(1 row)

SELECT 1 AS num /* First comment */, 'John' as Name /* Second comment*/;
 num | name 
-----+------
   1 | John
(1 row)

SELECT query, comments FROM pg_stat_monitor ORDER BY query COLLATE "C";
                                            query                                            | comments 
---------------------------------------------------------------------------------------------+----------
 SELECT * from pg_stat_monitor_settings where name = 'pg_stat_monitor.pgsm_extract_comments' | 
 SELECT 1 AS num /* First comment */, 'John' as Name /* Second comment*/                     | 
 SELECT pg_stat_monitor_reset()                                                              | 
 SELECT query, comments FROM pg_stat_monitor ORDER BY query COLLATE "C"                      | 
(4 rows)

Drop extension pg_stat_monitor;
