CREATE EXTENSION pg_stat_monitor;
SELECT pg_stat_monitor_reset();
 pg_stat_monitor_reset 
-----------------------
 
(1 row)

SELECT * from pg_stat_monitor_settings where name='pg_stat_monitor.pgsm_overflow_target';
                 name                 | value | default_value |                 description                  | minimum | maximum | options | restart 
--------------------------------------+-------+---------------+----------------------------------------------+---------+---------+---------+---------
 pg_stat_monitor.pgsm_overflow_target | 0     | 1             | Sets the overflow target for pg_stat_monitor |       0 |       1 |         | yes
(1 row)

SELECT pg_stat_monitor_reset();
 pg_stat_monitor_reset 
-----------------------
 
(1 row)

SELECT * from pg_stat_monitor_settings where name='pg_stat_monitor.pgsm_overflow_target';
                 name                 | value | default_value |                 description                  | minimum | maximum | options | restart 
--------------------------------------+-------+---------------+----------------------------------------------+---------+---------+---------+---------
 pg_stat_monitor.pgsm_overflow_target | 1     | 1             | Sets the overflow target for pg_stat_monitor |       0 |       1 |         | yes
(1 row)

Drop extension pg_stat_monitor;
