CREATE EXTENSION pg_stat_monitor;
SELECT pg_stat_monitor_reset();
 pg_stat_monitor_reset 
-----------------------
 
(1 row)

SELECT * from pg_stat_monitor_settings where name='pg_stat_monitor.pgsm_histogram_buckets';
                  name                  | value | default_value |                 description                  | minimum | maximum | options | restart 
----------------------------------------+-------+---------------+----------------------------------------------+---------+---------+---------+---------
 pg_stat_monitor.pgsm_histogram_buckets | 10    | 10            | Sets the maximum number of histogram buckets |       2 |      50 |         | yes
(1 row)

SELECT pg_stat_monitor_reset();
 pg_stat_monitor_reset 
-----------------------
 
(1 row)

SELECT * from pg_stat_monitor_settings where name='pg_stat_monitor.pgsm_histogram_buckets';
                  name                  | value | default_value |                 description                  | minimum | maximum | options | restart 
----------------------------------------+-------+---------------+----------------------------------------------+---------+---------+---------+---------
 pg_stat_monitor.pgsm_histogram_buckets | 10    | 10            | Sets the maximum number of histogram buckets |       2 |      50 |         | yes
(1 row)

SELECT pg_stat_monitor_reset();
 pg_stat_monitor_reset 
-----------------------
 
(1 row)

SELECT * from pg_stat_monitor_settings where name='pg_stat_monitor.pgsm_histogram_buckets';
                  name                  | value | default_value |                 description                  | minimum | maximum | options | restart 
----------------------------------------+-------+---------------+----------------------------------------------+---------+---------+---------+---------
 pg_stat_monitor.pgsm_histogram_buckets | 10    | 10            | Sets the maximum number of histogram buckets |       2 |      50 |         | yes
(1 row)

SELECT pg_stat_monitor_reset();
 pg_stat_monitor_reset 
-----------------------
 
(1 row)

SELECT * from pg_stat_monitor_settings where name='pg_stat_monitor.pgsm_histogram_buckets';
                  name                  | value | default_value |                 description                  | minimum | maximum | options | restart 
----------------------------------------+-------+---------------+----------------------------------------------+---------+---------+---------+---------
 pg_stat_monitor.pgsm_histogram_buckets | 10    | 10            | Sets the maximum number of histogram buckets |       2 |      50 |         | yes
(1 row)

SELECT pg_stat_monitor_reset();
 pg_stat_monitor_reset 
-----------------------
 
(1 row)

SELECT * from pg_stat_monitor_settings where name='pg_stat_monitor.pgsm_histogram_buckets';
                  name                  | value | default_value |                 description                  | minimum | maximum | options | restart 
----------------------------------------+-------+---------------+----------------------------------------------+---------+---------+---------+---------
 pg_stat_monitor.pgsm_histogram_buckets | 5     | 10            | Sets the maximum number of histogram buckets |       2 |      50 |         | yes
(1 row)

SELECT pg_stat_monitor_reset();
 pg_stat_monitor_reset 
-----------------------
 
(1 row)

SELECT * from pg_stat_monitor_settings where name='pg_stat_monitor.pgsm_histogram_buckets';
                  name                  | value | default_value |                 description                  | minimum | maximum | options | restart 
----------------------------------------+-------+---------------+----------------------------------------------+---------+---------+---------+---------
 pg_stat_monitor.pgsm_histogram_buckets | 10    | 10            | Sets the maximum number of histogram buckets |       2 |      50 |         | yes
(1 row)

Drop extension pg_stat_monitor;
