CREATE EXTENSION pg_stat_monitor;
SELECT pg_stat_monitor_reset();
 pg_stat_monitor_reset 
-----------------------
 
(1 row)

SELECT * from pg_stat_monitor_settings where name='pg_stat_monitor.pgsm_histogram_min';
                name                | value | default_value |          description          | minimum |  maximum   | options | restart 
------------------------------------+-------+---------------+-------------------------------+---------+------------+---------+---------
 pg_stat_monitor.pgsm_histogram_min | 1     | 0             | Sets the time in millisecond. |       0 | 2147483647 |         | yes
(1 row)

SELECT pg_stat_monitor_reset();
 pg_stat_monitor_reset 
-----------------------
 
(1 row)

SELECT * from pg_stat_monitor_settings where name='pg_stat_monitor.pgsm_histogram_min';
                name                | value | default_value |          description          | minimum |  maximum   | options | restart 
------------------------------------+-------+---------------+-------------------------------+---------+------------+---------+---------
 pg_stat_monitor.pgsm_histogram_min | 1000  | 0             | Sets the time in millisecond. |       0 | 2147483647 |         | yes
(1 row)

SELECT pg_stat_monitor_reset();
 pg_stat_monitor_reset 
-----------------------
 
(1 row)

SELECT * from pg_stat_monitor_settings where name='pg_stat_monitor.pgsm_histogram_min';
                name                | value | default_value |          description          | minimum |  maximum   | options | restart 
------------------------------------+-------+---------------+-------------------------------+---------+------------+---------+---------
 pg_stat_monitor.pgsm_histogram_min | 10000 | 0             | Sets the time in millisecond. |       0 | 2147483647 |         | yes
(1 row)

SELECT pg_stat_monitor_reset();
 pg_stat_monitor_reset 
-----------------------
 
(1 row)

SELECT * from pg_stat_monitor_settings where name='pg_stat_monitor.pgsm_histogram_min';
                name                | value | default_value |          description          | minimum |  maximum   | options | restart 
------------------------------------+-------+---------------+-------------------------------+---------+------------+---------+---------
 pg_stat_monitor.pgsm_histogram_min | 99999 | 0             | Sets the time in millisecond. |       0 | 2147483647 |         | yes
(1 row)

Drop extension pg_stat_monitor;
