CREATE EXTENSION pg_stat_monitor;
SELECT pg_stat_monitor_reset();
 pg_stat_monitor_reset 
-----------------------
 
(1 row)

SELECT * from pg_stat_monitor_settings where name='pg_stat_monitor.pgsm_bucket_time';
               name               | value | default_value |             description              | minimum |  maximum   | options | restart 
----------------------------------+-------+---------------+--------------------------------------+---------+------------+---------+---------
 pg_stat_monitor.pgsm_bucket_time | 10000 | 60            | Sets the time in seconds per bucket. |       1 | 2147483647 |         | yes
(1 row)

SELECT pg_stat_monitor_reset();
 pg_stat_monitor_reset 
-----------------------
 
(1 row)

SELECT * from pg_stat_monitor_settings where name='pg_stat_monitor.pgsm_bucket_time';
               name               | value | default_value |             description              | minimum |  maximum   | options | restart 
----------------------------------+-------+---------------+--------------------------------------+---------+------------+---------+---------
 pg_stat_monitor.pgsm_bucket_time | 1000  | 60            | Sets the time in seconds per bucket. |       1 | 2147483647 |         | yes
(1 row)

SELECT pg_stat_monitor_reset();
 pg_stat_monitor_reset 
-----------------------
 
(1 row)

SELECT * from pg_stat_monitor_settings where name='pg_stat_monitor.pgsm_bucket_time';
               name               | value | default_value |             description              | minimum |  maximum   | options | restart 
----------------------------------+-------+---------------+--------------------------------------+---------+------------+---------+---------
 pg_stat_monitor.pgsm_bucket_time | 100   | 60            | Sets the time in seconds per bucket. |       1 | 2147483647 |         | yes
(1 row)

SELECT pg_stat_monitor_reset();
 pg_stat_monitor_reset 
-----------------------
 
(1 row)

SELECT * from pg_stat_monitor_settings where name='pg_stat_monitor.pgsm_bucket_time';
               name               | value | default_value |             description              | minimum |  maximum   | options | restart 
----------------------------------+-------+---------------+--------------------------------------+---------+------------+---------+---------
 pg_stat_monitor.pgsm_bucket_time | 60    | 60            | Sets the time in seconds per bucket. |       1 | 2147483647 |         | yes
(1 row)

SELECT pg_stat_monitor_reset();
 pg_stat_monitor_reset 
-----------------------
 
(1 row)

SELECT * from pg_stat_monitor_settings where name='pg_stat_monitor.pgsm_bucket_time';
               name               | value | default_value |             description              | minimum |  maximum   | options | restart 
----------------------------------+-------+---------------+--------------------------------------+---------+------------+---------+---------
 pg_stat_monitor.pgsm_bucket_time | 1     | 60            | Sets the time in seconds per bucket. |       1 | 2147483647 |         | yes
(1 row)

SELECT pg_stat_monitor_reset();
 pg_stat_monitor_reset 
-----------------------
 
(1 row)

SELECT * from pg_stat_monitor_settings where name='pg_stat_monitor.pgsm_bucket_time';
               name               | value | default_value |             description              | minimum |  maximum   | options | restart 
----------------------------------+-------+---------------+--------------------------------------+---------+------------+---------+---------
 pg_stat_monitor.pgsm_bucket_time | 60    | 60            | Sets the time in seconds per bucket. |       1 | 2147483647 |         | yes
(1 row)

Drop extension pg_stat_monitor;
