CREATE EXTENSION pg_stat_monitor;
SELECT pg_stat_monitor_reset();
 pg_stat_monitor_reset 
-----------------------
 
(1 row)

SELECT * from pg_stat_monitor_settings where name='pg_stat_monitor.pgsm_max_buckets';
               name               | value | default_value |             description             | minimum | maximum | options | restart 
----------------------------------+-------+---------------+-------------------------------------+---------+---------+---------+---------
 pg_stat_monitor.pgsm_max_buckets | 1     | 10            | Sets the maximum number of buckets. |       1 |      10 |         | yes
(1 row)

SELECT pg_stat_monitor_reset();
 pg_stat_monitor_reset 
-----------------------
 
(1 row)

SELECT * from pg_stat_monitor_settings where name='pg_stat_monitor.pgsm_max_buckets';
               name               | value | default_value |             description             | minimum | maximum | options | restart 
----------------------------------+-------+---------------+-------------------------------------+---------+---------+---------+---------
 pg_stat_monitor.pgsm_max_buckets | 2     | 10            | Sets the maximum number of buckets. |       1 |      10 |         | yes
(1 row)

SELECT pg_stat_monitor_reset();
 pg_stat_monitor_reset 
-----------------------
 
(1 row)

SELECT * from pg_stat_monitor_settings where name='pg_stat_monitor.pgsm_max_buckets';
               name               | value | default_value |             description             | minimum | maximum | options | restart 
----------------------------------+-------+---------------+-------------------------------------+---------+---------+---------+---------
 pg_stat_monitor.pgsm_max_buckets | 5     | 10            | Sets the maximum number of buckets. |       1 |      10 |         | yes
(1 row)

SELECT pg_stat_monitor_reset();
 pg_stat_monitor_reset 
-----------------------
 
(1 row)

SELECT * from pg_stat_monitor_settings where name='pg_stat_monitor.pgsm_max_buckets';
               name               | value | default_value |             description             | minimum | maximum | options | restart 
----------------------------------+-------+---------------+-------------------------------------+---------+---------+---------+---------
 pg_stat_monitor.pgsm_max_buckets | 10    | 10            | Sets the maximum number of buckets. |       1 |      10 |         | yes
(1 row)

SELECT pg_stat_monitor_reset();
 pg_stat_monitor_reset 
-----------------------
 
(1 row)

SELECT * from pg_stat_monitor_settings where name='pg_stat_monitor.pgsm_max_buckets';
               name               | value | default_value |             description             | minimum | maximum | options | restart 
----------------------------------+-------+---------------+-------------------------------------+---------+---------+---------+---------
 pg_stat_monitor.pgsm_max_buckets | 10    | 10            | Sets the maximum number of buckets. |       1 |      10 |         | yes
(1 row)

SELECT pg_stat_monitor_reset();
 pg_stat_monitor_reset 
-----------------------
 
(1 row)

SELECT * from pg_stat_monitor_settings where name='pg_stat_monitor.pgsm_max_buckets';
               name               | value | default_value |             description             | minimum | maximum | options | restart 
----------------------------------+-------+---------------+-------------------------------------+---------+---------+---------+---------
 pg_stat_monitor.pgsm_max_buckets | 10    | 10            | Sets the maximum number of buckets. |       1 |      10 |         | yes
(1 row)

Drop extension pg_stat_monitor;
