CREATE EXTENSION pg_stat_monitor;
SELECT pg_stat_monitor_reset();
 pg_stat_monitor_reset 
-----------------------
 
(1 row)

SELECT * from pg_stat_monitor_settings where name='pg_stat_monitor.pgsm_query_max_len';
                name                | value | default_value |            description            | minimum |  maximum   | options | restart 
------------------------------------+-------+---------------+-----------------------------------+---------+------------+---------+---------
 pg_stat_monitor.pgsm_query_max_len | 10240 | 2048          | Sets the maximum length of query. |    1024 | 2147483647 |         | yes
(1 row)

SELECT pg_stat_monitor_reset();
 pg_stat_monitor_reset 
-----------------------
 
(1 row)

SELECT * from pg_stat_monitor_settings where name='pg_stat_monitor.pgsm_query_max_len';
                name                | value | default_value |            description            | minimum |  maximum   | options | restart 
------------------------------------+-------+---------------+-----------------------------------+---------+------------+---------+---------
 pg_stat_monitor.pgsm_query_max_len | 1024  | 2048          | Sets the maximum length of query. |    1024 | 2147483647 |         | yes
(1 row)

SELECT pg_stat_monitor_reset();
 pg_stat_monitor_reset 
-----------------------
 
(1 row)

SELECT * from pg_stat_monitor_settings where name='pg_stat_monitor.pgsm_query_max_len';
                name                | value | default_value |            description            | minimum |  maximum   | options | restart 
------------------------------------+-------+---------------+-----------------------------------+---------+------------+---------+---------
 pg_stat_monitor.pgsm_query_max_len | 2048  | 2048          | Sets the maximum length of query. |    1024 | 2147483647 |         | yes
(1 row)

SELECT pg_stat_monitor_reset();
 pg_stat_monitor_reset 
-----------------------
 
(1 row)

SELECT * from pg_stat_monitor_settings where name='pg_stat_monitor.pgsm_query_max_len';
                name                | value | default_value |            description            | minimum |  maximum   | options | restart 
------------------------------------+-------+---------------+-----------------------------------+---------+------------+---------+---------
 pg_stat_monitor.pgsm_query_max_len | 2048  | 2048          | Sets the maximum length of query. |    1024 | 2147483647 |         | yes
(1 row)

SELECT pg_stat_monitor_reset();
 pg_stat_monitor_reset 
-----------------------
 
(1 row)

SELECT * from pg_stat_monitor_settings where name='pg_stat_monitor.pgsm_query_max_len';
                name                | value | default_value |            description            | minimum |  maximum   | options | restart 
------------------------------------+-------+---------------+-----------------------------------+---------+------------+---------+---------
 pg_stat_monitor.pgsm_query_max_len | 2048  | 2048          | Sets the maximum length of query. |    1024 | 2147483647 |         | yes
(1 row)

Drop extension pg_stat_monitor;
