--
-- Statement level tracking
--
SELECT setting::integer < 140000 AS skip_test FROM pg_settings where name = 'server_version_num'  \gset
\if :skip_test
\quit
